/*C2*/SET SCHEMA PUBLIC
drop table employees
drop table projects
